// Jest Snapshot v1, https://goo.gl/fbAQLP

exports[`PhotoList is rendering matches snapshot 1`] = `
<DocumentFragment>
  <div />
</DocumentFragment>
`;
